# 上游语义基线(PORTING_PLAN §7.1)——所有移植与黄金数据以此为锚
repo=Z:/source_code/OpenRA
commit=b6fc03fcfaef1277592bbd4cbc7d44dd85219902
short=b6fc03fcfa
# 2026-10-05 自 7d57605bca 前进一提交(仅 combined.frag 注释拼写,零逻辑);
# 三黄金(yaml/fmt/core)在新基线重生成后逐字节不变,C++ 双构建对拍全绿。
# 黄金数据 tests/golden_core.txt 由该 commit 的 C# 实现
# (tools/golden_gen/Program.cs 内嵌的 OpenRA 原语逐字副本)生成,与被测语言无关。
# 上游更新流程:checkout 新 commit → 重新生成黄金数据 → C++ 重跑对拍 → 更新本文件。
